2026-09-04 15:04:00,878 [INFO] 리포트 생성 완료: D:\KRY\Python-Labs-Aleph\report.md
2026-09-04 15:04:00,895 [WARNING] 전송 실패 1/3: 404 Client Error: Not Found for url: http://localhost:5678/workflow/B5JpVxu5lDgwC8Z6
2026-09-04 15:04:02,916 [WARNING] 전송 실패 2/3: 404 Client Error: Not Found for url: http://localhost:5678/workflow/B5JpVxu5lDgwC8Z6
2026-09-04 15:04:06,937 [WARNING] 전송 실패 3/3: 404 Client Error: Not Found for url: http://localhost:5678/workflow/B5JpVxu5lDgwC8Z6
2026-09-04 15:05:10,436 [INFO] 리포트 생성 완료: D:\KRY\Python-Labs-Aleph\report.md
2026-09-04 15:05:10,449 [WARNING] 전송 실패 1/3: 404 Client Error: Not Found for url: http://localhost:5678/workflow/B5JpVxu5lDgwC8Z6
2026-09-04 15:05:12,468 [WARNING] 전송 실패 2/3: 404 Client Error: Not Found for url: http://localhost:5678/workflow/B5JpVxu5lDgwC8Z6
2026-09-04 15:05:16,488 [WARNING] 전송 실패 3/3: 404 Client Error: Not Found for url: http://localhost:5678/workflow/B5JpVxu5lDgwC8Z6
2026-09-04 15:06:00,653 [INFO] 리포트 생성 완료: D:\KRY\Python-Labs-Aleph\report.md
2026-09-04 15:06:00,662 [WARNING] 전송 실패 1/3: 404 Client Error: Not Found for url: http://localhost:5678/workflow/B5JpVxu5lDgwC8Z6
2026-09-04 15:06:02,685 [WARNING] 전송 실패 2/3: 404 Client Error: Not Found for url: http://localhost:5678/workflow/B5JpVxu5lDgwC8Z6
2026-09-04 15:06:06,691 [WARNING] 전송 실패 3/3: 404 Client Error: Not Found for url: http://localhost:5678/workflow/B5JpVxu5lDgwC8Z6
2026-09-04 15:08:02,425 [INFO] 리포트 생성 완료: D:\KRY\Python-Labs-Aleph\report.md
2026-09-04 15:08:02,437 [WARNING] 전송 실패 1/3: 404 Client Error: Not Found for url: http://localhost:5678/webhook-test/ed9b49fc-74c9-4043-b631-1e32c0121bd2
2026-09-04 15:08:04,458 [WARNING] 전송 실패 2/3: 404 Client Error: Not Found for url: http://localhost:5678/webhook-test/ed9b49fc-74c9-4043-b631-1e32c0121bd2
2026-09-04 15:08:08,477 [WARNING] 전송 실패 3/3: 404 Client Error: Not Found for url: http://localhost:5678/webhook-test/ed9b49fc-74c9-4043-b631-1e32c0121bd2
2026-09-04 15:08:53,104 [INFO] 리포트 생성 완료: D:\KRY\Python-Labs-Aleph\report.md
2026-09-04 15:08:53,159 [INFO] 전송 성공 (200) {"message":"Workflow was started"}
2026-09-04 15:09:00,856 [INFO] 리포트 생성 완료: D:\KRY\Python-Labs-Aleph\report.md
2026-09-04 15:09:00,868 [WARNING] 전송 실패 1/3: 404 Client Error: Not Found for url: http://localhost:5678/webhook-test/ed9b49fc-74c9-4043-b631-1e32c0121bd2
2026-09-04 15:09:02,896 [WARNING] 전송 실패 2/3: 404 Client Error: Not Found for url: http://localhost:5678/webhook-test/ed9b49fc-74c9-4043-b631-1e32c0121bd2
2026-09-04 15:09:59,508 [INFO] 리포트 생성 완료: D:\KRY\Python-Labs-Aleph\report.md
2026-09-04 15:09:59,531 [WARNING] 전송 실패 1/3: 404 Client Error: Not Found for url: http://localhost:5678/webhook-test/ed9b49fc-74c9-4043-b631-1e32c0121bd2
2026-09-04 15:10:01,549 [WARNING] 전송 실패 2/3: 404 Client Error: Not Found for url: http://localhost:5678/webhook-test/ed9b49fc-74c9-4043-b631-1e32c0121bd2
2026-09-04 15:10:08,346 [INFO] 리포트 생성 완료: D:\KRY\Python-Labs-Aleph\report.md
2026-09-04 15:10:08,397 [INFO] 전송 성공 (200) {"message":"Workflow was started"}
2026-09-04 15:14:00,849 [INFO] 리포트 생성 완료: D:\KRY\Python-Labs-Aleph\report.md
2026-09-04 15:14:00,859 [WARNING] 전송 실패 1/3: 404 Client Error: Not Found for url: http://localhost:5678/webhook-test/ed9b49fc-74c9-4043-b631-1e32c0121bd2
2026-09-04 15:14:02,866 [WARNING] 전송 실패 2/3: 404 Client Error: Not Found for url: http://localhost:5678/webhook-test/ed9b49fc-74c9-4043-b631-1e32c0121bd2
2026-09-04 15:14:06,913 [INFO] 전송 성공 (200) {"message":"Workflow was started"}
2026-09-07 10:36:43,626 [INFO] 리포트 생성 완료: D:\KRY\Python-Lab-Aleph\report.md
2026-09-07 10:36:43,639 [WARNING] 전송 실패 1/3: 404 Client Error: Not Found for url: http://localhost:5678/webhook-test/239b13a9-e1ad-4846-964a-af0c3ba47dd1
2026-09-07 10:36:45,662 [WARNING] 전송 실패 2/3: 404 Client Error: Not Found for url: http://localhost:5678/webhook-test/239b13a9-e1ad-4846-964a-af0c3ba47dd1
2026-09-07 10:36:49,685 [WARNING] 전송 실패 3/3: 404 Client Error: Not Found for url: http://localhost:5678/webhook-test/239b13a9-e1ad-4846-964a-af0c3ba47dd1
2026-09-07 10:37:09,198 [INFO] 리포트 생성 완료: D:\KRY\Python-Lab-Aleph\report.md
2026-09-07 10:37:09,219 [WARNING] 전송 실패 1/3: 404 Client Error: Not Found for url: http://localhost:5678/webhook-test/239b13a9-e1ad-4846-964a-af0c3ba47dd1
2026-09-07 10:37:11,245 [WARNING] 전송 실패 2/3: 404 Client Error: Not Found for url: http://localhost:5678/webhook-test/239b13a9-e1ad-4846-964a-af0c3ba47dd1
2026-09-07 10:37:33,235 [INFO] 리포트 생성 완료: D:\KRY\Python-Lab-Aleph\report.md
2026-09-07 10:37:33,271 [INFO] 전송 성공 (200) {"message":"Workflow was started"}
2026-09-07 10:39:10,955 [INFO] 리포트 생성 완료: D:\KRY\Python-Lab-Aleph\report.md
2026-09-07 10:39:10,990 [INFO] 전송 성공 (200) {"message":"Workflow was started"}
2026-09-07 10:40:24,685 [INFO] 리포트 생성 완료: D:\KRY\Python-Lab-Aleph\report.md
2026-09-07 10:40:24,728 [INFO] 전송 성공 (200) {"message":"Workflow was started"}
2026-09-07 10:40:27,790 [INFO] 리포트 생성 완료: D:\KRY\Python-Lab-Aleph\report.md
2026-09-07 10:40:27,821 [INFO] 전송 성공 (200) {"message":"Workflow was started"}
2026-09-07 10:42:09,694 [INFO] 리포트 생성 완료: D:\KRY\Python-Lab-Aleph\report.md
2026-09-07 10:42:09,727 [INFO] 전송 성공 (200) {"message":"Workflow was started"}
2026-09-07 10:47:09,737 [INFO] 리포트 생성 완료: D:\KRY\Python-Lab-Aleph\report.md
2026-09-07 10:47:09,784 [INFO] 전송 성공 (200) {"message":"Workflow was started"}
2026-09-07 10:47:25,375 [INFO] 리포트 생성 완료: D:\KRY\Python-Lab-Aleph\report.md
2026-09-07 10:47:25,407 [INFO] 전송 성공 (200) {"message":"Workflow was started"}
2026-09-07 10:47:29,471 [INFO] 리포트 생성 완료: D:\KRY\Python-Lab-Aleph\report.md
2026-09-07 10:47:29,508 [INFO] 전송 성공 (200) {"message":"Workflow was started"}
2026-09-07 10:52:09,679 [INFO] 리포트 생성 완료: D:\KRY\Python-Lab-Aleph\report.md
2026-09-07 10:52:09,718 [INFO] 전송 성공 (200) {"message":"Workflow was started"}
2026-09-07 10:57:09,482 [INFO] 리포트 생성 완료: D:\KRY\Python-Lab-Aleph\report.md
2026-09-07 10:57:09,521 [INFO] 전송 성공 (200) {"message":"Workflow was started"}
2026-09-07 11:02:09,436 [INFO] 리포트 생성 완료: D:\KRY\Python-Lab-Aleph\report.md
2026-09-07 11:02:09,480 [INFO] 전송 성공 (200) {"message":"Workflow was started"}
2026-09-07 11:07:09,456 [INFO] 리포트 생성 완료: D:\KRY\Python-Lab-Aleph\report.md
2026-09-07 11:07:09,496 [INFO] 전송 성공 (200) {"message":"Workflow was started"}
2026-09-07 11:12:09,425 [INFO] 리포트 생성 완료: D:\KRY\Python-Lab-Aleph\report.md
2026-09-07 11:12:09,467 [INFO] 전송 성공 (200) {"message":"Workflow was started"}
2026-09-07 11:17:09,437 [INFO] 리포트 생성 완료: D:\KRY\Python-Lab-Aleph\report.md
2026-09-07 11:17:09,474 [INFO] 전송 성공 (200) {"message":"Workflow was started"}
2026-09-07 11:22:09,450 [INFO] 리포트 생성 완료: D:\KRY\Python-Lab-Aleph\report.md
2026-09-07 11:22:09,483 [INFO] 전송 성공 (200) {"message":"Workflow was started"}
2026-09-07 11:27:09,426 [INFO] 리포트 생성 완료: D:\KRY\Python-Lab-Aleph\report.md
2026-09-07 11:27:09,462 [INFO] 전송 성공 (200) {"message":"Workflow was started"}
2026-09-07 11:32:09,435 [INFO] 리포트 생성 완료: D:\KRY\Python-Lab-Aleph\report.md
2026-09-07 11:32:09,502 [INFO] 전송 성공 (200) {"message":"Workflow was started"}
2026-09-07 11:37:09,527 [INFO] 리포트 생성 완료: D:\KRY\Python-Lab-Aleph\report.md
2026-09-07 11:37:09,567 [INFO] 전송 성공 (200) {"message":"Workflow was started"}
2026-09-07 11:42:09,401 [INFO] 리포트 생성 완료: D:\KRY\Python-Lab-Aleph\report.md
2026-09-07 11:42:09,434 [INFO] 전송 성공 (200) {"message":"Workflow was started"}
2026-09-07 11:47:09,469 [INFO] 리포트 생성 완료: D:\KRY\Python-Lab-Aleph\report.md
2026-09-07 11:47:09,509 [INFO] 전송 성공 (200) {"message":"Workflow was started"}
2026-09-07 11:52:09,471 [INFO] 리포트 생성 완료: D:\KRY\Python-Lab-Aleph\report.md
2026-09-07 11:52:09,530 [INFO] 전송 성공 (200) {"message":"Workflow was started"}
2026-09-07 11:57:09,420 [INFO] 리포트 생성 완료: D:\KRY\Python-Lab-Aleph\report.md
2026-09-07 11:57:09,460 [INFO] 전송 성공 (200) {"message":"Workflow was started"}
2026-09-07 12:02:09,469 [INFO] 리포트 생성 완료: D:\KRY\Python-Lab-Aleph\report.md
2026-09-07 12:02:09,502 [INFO] 전송 성공 (200) {"message":"Workflow was started"}
2026-09-07 12:07:09,437 [INFO] 리포트 생성 완료: D:\KRY\Python-Lab-Aleph\report.md
2026-09-07 12:07:09,473 [INFO] 전송 성공 (200) {"message":"Workflow was started"}
2026-09-07 12:12:09,424 [INFO] 리포트 생성 완료: D:\KRY\Python-Lab-Aleph\report.md
2026-09-07 12:12:09,469 [INFO] 전송 성공 (200) {"message":"Workflow was started"}
2026-09-07 12:17:09,452 [INFO] 리포트 생성 완료: D:\KRY\Python-Lab-Aleph\report.md
2026-09-07 12:17:09,487 [INFO] 전송 성공 (200) {"message":"Workflow was started"}
2026-09-07 12:22:09,443 [INFO] 리포트 생성 완료: D:\KRY\Python-Lab-Aleph\report.md
2026-09-07 12:22:09,482 [INFO] 전송 성공 (200) {"message":"Workflow was started"}
2026-09-07 12:27:09,430 [INFO] 리포트 생성 완료: D:\KRY\Python-Lab-Aleph\report.md
2026-09-07 12:27:09,470 [INFO] 전송 성공 (200) {"message":"Workflow was started"}
2026-09-07 12:32:09,542 [INFO] 리포트 생성 완료: D:\KRY\Python-Lab-Aleph\report.md
2026-09-07 12:32:09,572 [INFO] 전송 성공 (200) {"message":"Workflow was started"}
2026-09-07 12:37:09,447 [INFO] 리포트 생성 완료: D:\KRY\Python-Lab-Aleph\report.md
2026-09-07 12:37:09,483 [INFO] 전송 성공 (200) {"message":"Workflow was started"}
2026-09-07 12:42:09,469 [INFO] 리포트 생성 완료: D:\KRY\Python-Lab-Aleph\report.md
2026-09-07 12:42:09,514 [INFO] 전송 성공 (200) {"message":"Workflow was started"}
2026-09-07 12:47:09,466 [INFO] 리포트 생성 완료: D:\KRY\Python-Lab-Aleph\report.md
2026-09-07 12:47:09,503 [INFO] 전송 성공 (200) {"message":"Workflow was started"}
2026-09-07 12:52:09,462 [INFO] 리포트 생성 완료: D:\KRY\Python-Lab-Aleph\report.md
2026-09-07 12:52:09,505 [INFO] 전송 성공 (200) {"message":"Workflow was started"}
2026-09-07 12:57:09,445 [INFO] 리포트 생성 완료: D:\KRY\Python-Lab-Aleph\report.md
2026-09-07 12:57:09,488 [INFO] 전송 성공 (200) {"message":"Workflow was started"}
2026-09-07 13:02:09,629 [INFO] 리포트 생성 완료: D:\KRY\Python-Lab-Aleph\report.md
2026-09-07 13:02:09,687 [INFO] 전송 성공 (200) {"message":"Workflow was started"}
2026-09-07 13:07:09,537 [INFO] 리포트 생성 완료: D:\KRY\Python-Lab-Aleph\report.md
2026-09-07 13:07:09,573 [INFO] 전송 성공 (200) {"message":"Workflow was started"}
2026-09-07 13:12:09,514 [INFO] 리포트 생성 완료: D:\KRY\Python-Lab-Aleph\report.md
2026-09-07 13:12:09,562 [INFO] 전송 성공 (200) {"message":"Workflow was started"}
2026-09-07 13:17:09,437 [INFO] 리포트 생성 완료: D:\KRY\Python-Lab-Aleph\report.md
2026-09-07 13:17:09,476 [INFO] 전송 성공 (200) {"message":"Workflow was started"}
2026-09-07 13:22:09,422 [INFO] 리포트 생성 완료: D:\KRY\Python-Lab-Aleph\report.md
2026-09-07 13:22:09,472 [INFO] 전송 성공 (200) {"message":"Workflow was started"}
2026-09-07 13:27:09,561 [INFO] 리포트 생성 완료: D:\KRY\Python-Lab-Aleph\report.md
2026-09-07 13:27:09,596 [INFO] 전송 성공 (200) {"message":"Workflow was started"}
2026-09-07 13:32:09,478 [INFO] 리포트 생성 완료: D:\KRY\Python-Lab-Aleph\report.md
2026-09-07 13:32:09,514 [INFO] 전송 성공 (200) {"message":"Workflow was started"}
2026-09-07 13:37:09,459 [INFO] 리포트 생성 완료: D:\KRY\Python-Lab-Aleph\report.md
2026-09-07 13:37:09,493 [INFO] 전송 성공 (200) {"message":"Workflow was started"}
2026-09-07 13:42:09,424 [INFO] 리포트 생성 완료: D:\KRY\Python-Lab-Aleph\report.md
2026-09-07 13:42:09,468 [INFO] 전송 성공 (200) {"message":"Workflow was started"}
2026-09-07 13:47:09,492 [INFO] 리포트 생성 완료: D:\KRY\Python-Lab-Aleph\report.md
2026-09-07 13:47:09,528 [INFO] 전송 성공 (200) {"message":"Workflow was started"}
2026-09-07 13:52:09,409 [INFO] 리포트 생성 완료: D:\KRY\Python-Lab-Aleph\report.md
2026-09-07 13:52:09,459 [INFO] 전송 성공 (200) {"message":"Workflow was started"}
2026-09-07 13:57:09,462 [INFO] 리포트 생성 완료: D:\KRY\Python-Lab-Aleph\report.md
2026-09-07 13:57:09,502 [INFO] 전송 성공 (200) {"message":"Workflow was started"}
2026-09-07 14:02:09,574 [INFO] 리포트 생성 완료: D:\KRY\Python-Lab-Aleph\report.md
2026-09-07 14:02:09,607 [INFO] 전송 성공 (200) {"message":"Workflow was started"}
2026-09-07 14:07:09,473 [INFO] 리포트 생성 완료: D:\KRY\Python-Lab-Aleph\report.md
2026-09-07 14:07:09,508 [INFO] 전송 성공 (200) {"message":"Workflow was started"}
2026-09-07 14:19:16,857 [INFO] 리포트 생성 완료: D:\KRY\Python-Lab-Aleph\report.md
2026-09-07 14:19:16,914 [INFO] 전송 성공 (200) {"message":"Workflow was started"}
